// Jest Snapshot v1, https://jestjs.io/docs/snapshot-testing

exports[`Content renders correctly 1`] = `
<DocumentFragment>
  <div
    class="MuiBox-root css-1fthtn0"
  >
    <div
      class="custom-scrollbar MuiBox-root css-ynu778"
    >
      <div
        data-testid="mock-markdown-content"
      />
    </div>
  </div>
</DocumentFragment>
`;
