// Jest Snapshot v1, https://jestjs.io/docs/snapshot-testing

exports[`FileTree renders correctly 1`] = `
<DocumentFragment>
  <div
    class="MuiBox-root css-9681nh"
  >
    <div
      class="MuiBox-root css-xonpca"
    >
      <div
        class="MuiBox-root css-1g3qtqm"
      >
        <h6
          class="MuiTypography-root MuiTypography-h6 MuiTypography-gutterBottom css-1b6r7r0-MuiTypography-root"
        >
          File Tree
        </h6>
        <button
          aria-label="expand all"
          class="MuiButtonBase-root MuiIconButton-root MuiIconButton-sizeSmall css-155wbr6-MuiButtonBase-root-MuiIconButton-root"
          tabindex="0"
          type="button"
        >
          <svg
            aria-hidden="true"
            class="MuiSvgIcon-root MuiSvgIcon-fontSizeMedium css-1umw9bq-MuiSvgIcon-root"
            data-testid="UnfoldMoreIcon"
            focusable="false"
            viewBox="0 0 24 24"
          >
            <path
              d="M12 5.83 15.17 9l1.41-1.41L12 3 7.41 7.59 8.83 9zm0 12.34L8.83 15l-1.41 1.41L12 21l4.59-4.59L15.17 15z"
            />
          </svg>
        </button>
        <button
          aria-label="collapse all"
          class="MuiButtonBase-root MuiIconButton-root MuiIconButton-sizeSmall css-155wbr6-MuiButtonBase-root-MuiIconButton-root"
          tabindex="0"
          type="button"
        >
          <svg
            aria-hidden="true"
            class="MuiSvgIcon-root MuiSvgIcon-fontSizeMedium css-1umw9bq-MuiSvgIcon-root"
            data-testid="UnfoldLessIcon"
            focusable="false"
            viewBox="0 0 24 24"
          >
            <path
              d="M7.41 18.59 8.83 20 12 16.83 15.17 20l1.41-1.41L12 14zm9.18-13.18L15.17 4 12 7.17 8.83 4 7.41 5.41 12 10z"
            />
          </svg>
        </button>
      </div>
      <button
        aria-label="toggle file tree"
        class="MuiButtonBase-root MuiIconButton-root MuiIconButton-sizeSmall css-1nyqon6-MuiButtonBase-root-MuiIconButton-root"
        tabindex="0"
        type="button"
      >
        <svg
          aria-hidden="true"
          class="MuiSvgIcon-root MuiSvgIcon-fontSizeMedium css-1umw9bq-MuiSvgIcon-root"
          data-testid="ChevronLeftIcon"
          focusable="false"
          viewBox="0 0 24 24"
        >
          <path
            d="M15.41 7.41 14 6l-6 6 6 6 1.41-1.41L10.83 12z"
          />
        </svg>
      </button>
    </div>
    <div
      class="MuiBox-root css-kuuj3l"
    >
      <div
        class="MuiInputBase-root MuiInputBase-colorPrimary css-pe16f2-MuiInputBase-root"
      >
        <input
          aria-label="search files"
          class="MuiInputBase-input css-e77w8q-MuiInputBase-input"
          placeholder="Search files..."
          type="text"
          value=""
        />
      </div>
    </div>
    <ul
      aria-multiselectable="false"
      class="custom-scrollbar MuiSimpleTreeView-root css-5c3a1o-MuiSimpleTreeView-root"
      defaultcollapseicon="[object Object]"
      defaultexpandicon="[object Object]"
      id="mui-tree-view-1"
      role="tree"
      style="--TreeView-itemChildrenIndentation: 12px;"
    >
      <li
        aria-selected="false"
        class="MuiTreeItem-root MuiSimpleTreeView-root css-jq3mgl-MuiTreeItem-root"
        id="mui-tree-view-1-file3.js"
        role="treeitem"
        style="--TreeView-itemDepth: 0;"
        tabindex="0"
      >
        <div
          class="MuiTreeItem-content MuiSimpleTreeView-itemContent css-cn2zdx-MuiTreeItem-content"
        >
          <div
            class="MuiTreeItem-iconContainer MuiSimpleTreeView-itemIconContainer css-bt3rqe-MuiTreeItem-iconContainer"
          />
          <div
            class="MuiTreeItem-label MuiSimpleTreeView-itemLabel css-1yq7dn0-MuiTreeItem-label"
          >
            <div
              class="MuiBox-root css-70qvj9"
            >
              <svg
                aria-hidden="true"
                class="MuiSvgIcon-root MuiSvgIcon-fontSizeMedium css-eep7r1-MuiSvgIcon-root"
                data-testid="ArticleOutlinedIcon"
                focusable="false"
                viewBox="0 0 24 24"
              >
                <path
                  d="M19 5v14H5V5zm0-2H5c-1.1 0-2 .9-2 2v14c0 1.1.9 2 2 2h14c1.1 0 2-.9 2-2V5c0-1.1-.9-2-2-2"
                />
                <path
                  d="M14 17H7v-2h7zm3-4H7v-2h10zm0-4H7V7h10z"
                />
              </svg>
              <p
                class="MuiTypography-root MuiTypography-body2 css-iewwb3-MuiTypography-root"
              >
                file3.js
              </p>
            </div>
          </div>
        </div>
      </li>
      <li
        aria-expanded="false"
        aria-selected="false"
        class="MuiTreeItem-root MuiSimpleTreeView-root css-jq3mgl-MuiTreeItem-root"
        id="mui-tree-view-1-folder1"
        role="treeitem"
        style="--TreeView-itemDepth: 0;"
        tabindex="-1"
      >
        <div
          class="MuiTreeItem-content MuiSimpleTreeView-itemContent css-cn2zdx-MuiTreeItem-content"
        >
          <div
            class="MuiTreeItem-iconContainer MuiSimpleTreeView-itemIconContainer css-bt3rqe-MuiTreeItem-iconContainer"
          >
            <svg
              aria-hidden="true"
              class="MuiSvgIcon-root MuiSvgIcon-fontSizeMedium css-1umw9bq-MuiSvgIcon-root"
              data-testid="TreeViewExpandIconIcon"
              focusable="false"
              viewBox="0 0 24 24"
            >
              <path
                d="M10 6 8.59 7.41 13.17 12l-4.58 4.59L10 18l6-6z"
              />
            </svg>
          </div>
          <div
            class="MuiTreeItem-label MuiSimpleTreeView-itemLabel css-1yq7dn0-MuiTreeItem-label"
          >
            <div
              class="MuiBox-root css-70qvj9"
            >
              <svg
                aria-hidden="true"
                class="MuiSvgIcon-root MuiSvgIcon-colorPrimary MuiSvgIcon-fontSizeMedium css-muidwl-MuiSvgIcon-root"
                data-testid="FolderOutlinedIcon"
                focusable="false"
                viewBox="0 0 24 24"
              >
                <path
                  d="m9.17 6 2 2H20v10H4V6zM10 4H4c-1.1 0-1.99.9-1.99 2L2 18c0 1.1.9 2 2 2h16c1.1 0 2-.9 2-2V8c0-1.1-.9-2-2-2h-8z"
                />
              </svg>
              <p
                class="MuiTypography-root MuiTypography-body2 css-1jo9ady-MuiTypography-root"
              >
                folder1
              </p>
            </div>
          </div>
        </div>
      </li>
    </ul>
  </div>
</DocumentFragment>
`;
