// Jest Snapshot v1, https://jestjs.io/docs/snapshot-testing

exports[`AppHeader renders correctly 1`] = `
<DocumentFragment>
  <header
    class="MuiPaper-root MuiPaper-elevation MuiPaper-elevation0 MuiAppBar-root MuiAppBar-colorPrimary MuiAppBar-positionStatic css-10054e1-MuiPaper-root-MuiAppBar-root"
    style="--Paper-shadow: none;"
  >
    <div
      class="MuiToolbar-root MuiToolbar-gutters MuiToolbar-regular css-1ygil4i-MuiToolbar-root"
    >
      <div
        class="MuiBox-root css-1xvvp3o"
      >
        <button
          aria-label="Top page"
          class="MuiButtonBase-root MuiIconButton-root MuiIconButton-colorInherit MuiIconButton-sizeMedium css-1vqxir3-MuiButtonBase-root-MuiIconButton-root"
          data-mui-internal-clone-element="true"
          tabindex="0"
          type="button"
        >
          <img
            alt="mdts logo"
            src="/logo.svg"
            style="height: 56px; margin-top: -8px; margin-left: -36px;"
          />
        </button>
      </div>
      <button
        aria-label="Exit Fullscreen"
        class="MuiButtonBase-root MuiIconButton-root MuiIconButton-colorInherit MuiIconButton-sizeMedium css-v8k5r1-MuiButtonBase-root-MuiIconButton-root"
        data-mui-internal-clone-element="true"
        tabindex="0"
        type="button"
      >
        <svg
          aria-hidden="true"
          class="MuiSvgIcon-root MuiSvgIcon-fontSizeMedium css-1umw9bq-MuiSvgIcon-root"
          data-testid="CropFreeIcon"
          focusable="false"
          viewBox="0 0 24 24"
        >
          <path
            d="M3 5v4h2V5h4V3H5c-1.1 0-2 .9-2 2m2 10H3v4c0 1.1.9 2 2 2h4v-2H5zm14 4h-4v2h4c1.1 0 2-.9 2-2v-4h-2zm0-16h-4v2h4v4h2V5c0-1.1-.9-2-2-2"
          />
        </svg>
      </button>
      <button
        aria-label="Switch to Dark Mode"
        class="MuiButtonBase-root MuiIconButton-root MuiIconButton-colorInherit MuiIconButton-sizeMedium css-v8k5r1-MuiButtonBase-root-MuiIconButton-root"
        data-mui-internal-clone-element="true"
        tabindex="0"
        type="button"
      >
        <svg
          aria-hidden="true"
          class="MuiSvgIcon-root MuiSvgIcon-fontSizeMedium css-1umw9bq-MuiSvgIcon-root"
          data-testid="Brightness4Icon"
          focusable="false"
          viewBox="0 0 24 24"
        >
          <path
            d="M20 8.69V4h-4.69L12 .69 8.69 4H4v4.69L.69 12 4 15.31V20h4.69L12 23.31 15.31 20H20v-4.69L23.31 12zM12 18c-.89 0-1.74-.2-2.5-.55C11.56 16.5 13 14.42 13 12s-1.44-4.5-3.5-5.45C10.26 6.2 11.11 6 12 6c3.31 0 6 2.69 6 6s-2.69 6-6 6"
          />
        </svg>
      </button>
      <a
        aria-label="GitHub Repository"
        class="MuiButtonBase-root MuiIconButton-root MuiIconButton-colorInherit MuiIconButton-sizeMedium css-v8k5r1-MuiButtonBase-root-MuiIconButton-root"
        data-mui-internal-clone-element="true"
        href="https://github.com/unhappychoice/mdts"
        rel="noopener"
        tabindex="0"
        target="_blank"
      >
        <svg
          aria-hidden="true"
          class="MuiSvgIcon-root MuiSvgIcon-fontSizeMedium css-1umw9bq-MuiSvgIcon-root"
          data-testid="GitHubIcon"
          focusable="false"
          viewBox="0 0 24 24"
        >
          <path
            d="M12 1.27a11 11 0 00-3.48 21.46c.55.09.73-.28.73-.55v-1.84c-3.03.64-3.67-1.46-3.67-1.46-.55-1.29-1.28-1.65-1.28-1.65-.92-.65.1-.65.1-.65 1.1 0 1.73 1.1 1.73 1.1.92 1.65 2.57 1.2 3.21.92a2 2 0 01.64-1.47c-2.47-.27-5.04-1.19-5.04-5.5 0-1.1.46-2.1 1.2-2.84a3.76 3.76 0 010-2.93s.91-.28 3.11 1.1c1.8-.49 3.7-.49 5.5 0 2.1-1.38 3.02-1.1 3.02-1.1a3.76 3.76 0 010 2.93c.83.74 1.2 1.74 1.2 2.94 0 4.21-2.57 5.13-5.04 5.4.45.37.82.92.82 2.02v3.03c0 .27.1.64.73.55A11 11 0 0012 1.27"
          />
        </svg>
      </a>
      <div
        class="MuiBox-root css-gcae57"
      >
        <a
          aria-label="Changelog"
          class="MuiTypography-root MuiTypography-inherit MuiLink-root MuiLink-underlineAlways css-1orsvah-MuiTypography-root-MuiLink-root"
          data-mui-internal-clone-element="true"
          href="https://github.com/unhappychoice/mdts/blob/main/CHANGELOG.md"
          rel="noopener"
          target="_blank"
        >
          v
        </a>
      </div>
    </div>
  </header>
</DocumentFragment>
`;
