// Jest Snapshot v1, https://jestjs.io/docs/snapshot-testing

exports[`SettingsDialog renders correctly when open 1`] = `<DocumentFragment />`;
