// Jest Snapshot v1, https://jestjs.io/docs/snapshot-testing

exports[`FileTree renders correctly 1`] = `
<DocumentFragment>
  <div
    class="MuiBox-root css-1kgtqjm"
  >
    <div
      class="MuiBox-root css-swwgw5"
    >
      <button
        class="MuiButtonBase-root MuiIconButton-root MuiIconButton-sizeSmall css-130mf42-MuiButtonBase-root-MuiIconButton-root"
        tabindex="0"
        type="button"
      >
        <svg
          aria-hidden="true"
          class="MuiSvgIcon-root MuiSvgIcon-fontSizeMedium css-1umw9bq-MuiSvgIcon-root"
          data-testid="ChevronRightIcon"
          focusable="false"
          viewBox="0 0 24 24"
        >
          <path
            d="M10 6 8.59 7.41 13.17 12l-4.58 4.59L10 18l6-6z"
          />
        </svg>
      </button>
    </div>
  </div>
</DocumentFragment>
`;
