// Jest Snapshot v1, https://jestjs.io/docs/snapshot-testing

exports[`MarkdownPreview renders correctly 1`] = `
<DocumentFragment>
  <div
    class="markdown-body light MuiBox-root css-x7jyj4"
  >
    <div
      data-testid="mock-react-markdown"
    >
      # Hello
    </div>
  </div>
</DocumentFragment>
`;
