// Jest Snapshot v1, https://jestjs.io/docs/snapshot-testing

exports[`FileTreeItemView should render correctly 1`] = `
<DocumentFragment>
  <ul
    aria-multiselectable="false"
    class="MuiSimpleTreeView-root css-1o8c9x7-MuiSimpleTreeView-root"
    id="mui-tree-view-1"
    role="tree"
    style="--TreeView-itemChildrenIndentation: 12px;"
  >
    <li
      aria-selected="false"
      class="MuiTreeItem-root MuiSimpleTreeView-root css-jq3mgl-MuiTreeItem-root"
      id="mui-tree-view-1-test.md"
      role="treeitem"
      style="--TreeView-itemDepth: 0;"
      tabindex="0"
    >
      <div
        class="MuiTreeItem-content MuiSimpleTreeView-itemContent css-cn2zdx-MuiTreeItem-content"
      >
        <div
          class="MuiTreeItem-iconContainer MuiSimpleTreeView-itemIconContainer css-bt3rqe-MuiTreeItem-iconContainer"
        />
        <div
          class="MuiTreeItem-label MuiSimpleTreeView-itemLabel css-1yq7dn0-MuiTreeItem-label"
        >
          <div
            class="MuiBox-root css-70qvj9"
          >
            <svg
              aria-hidden="true"
              class="MuiSvgIcon-root MuiSvgIcon-fontSizeMedium css-eep7r1-MuiSvgIcon-root"
              data-testid="ArticleOutlinedIcon"
              focusable="false"
              viewBox="0 0 24 24"
            >
              <path
                d="M19 5v14H5V5zm0-2H5c-1.1 0-2 .9-2 2v14c0 1.1.9 2 2 2h14c1.1 0 2-.9 2-2V5c0-1.1-.9-2-2-2"
              />
              <path
                d="M14 17H7v-2h7zm3-4H7v-2h10zm0-4H7V7h10z"
              />
            </svg>
            <p
              class="MuiTypography-root MuiTypography-body2 css-1fqsg4f-MuiTypography-root"
            >
              test.md
            </p>
            <p
              class="MuiTypography-root MuiTypography-body2 css-1afdyvc-MuiTypography-root"
            >
              modified
            </p>
          </div>
        </div>
      </div>
    </li>
  </ul>
</DocumentFragment>
`;
